
> react-kavia@0.1.0 start
> cross-env EDIT_MODE=true webpack serve --config .ve/webpack.config.js --mode development

<i> [webpack-dev-server] Project is running at:
<i> [webpack-dev-server] Loopback: http://localhost:3000/, http://[::1]:3000/
<i> [webpack-dev-server] On Your Network (IPv4): http://172.17.0.2:3000/
<i> [webpack-dev-server] Content not from webpack is served from './public' directory
Injecting EditorRootWrapper import: ../.ve/EditorRootWrapper
asset bundle.js 1.39 MiB [emitted] (name: main)
asset index.html 1.98 KiB [emitted]
runtime modules 27.5 KiB 14 modules
modules by path ./node_modules/ 1.24 MiB 31 modules
modules by path ./src/ 10.2 KiB
  modules by path ./src/*.css 7.49 KiB 4 modules
  modules by path ./src/*.js 2.75 KiB
    ./src/index.js 530 bytes [built] [code generated]
    ./src/App.js 2.24 KiB [built] [code generated]
modules by path ./.ve/ 15.1 KiB
  modules by path ./.ve/*.js 10.6 KiB 2 modules
  modules by path ./.ve/*.css 2.93 KiB
    ./.ve/EditorOverlay.css 2.25 KiB [built] [code generated]
    ./node_modules/css-loader/dist/cjs.js!./.ve/EditorOverlay.css 697 bytes [built] [code generated]
  ./.ve/EditorOverlay.jsx 1.58 KiB [built] [code generated]
webpack 5.99.9 compiled successfully in 1184 ms
assets by status 1.98 KiB [cached] 1 asset
assets by path *.js 1.4 MiB
  asset bundle.js 1.39 MiB [emitted] (name: main)
  asset main.7ed8c7dd75003d3713cd.hot-update.js 7.05 KiB [emitted] [immutable] [hmr] (name: main)
asset main.7ed8c7dd75003d3713cd.hot-update.json 28 bytes [emitted] [immutable] [hmr]
Entrypoint main 1.4 MiB = bundle.js 1.39 MiB main.7ed8c7dd75003d3713cd.hot-update.js 7.05 KiB
cached modules 1.26 MiB [cached] 41 modules
runtime modules 27.5 KiB 14 modules
./src/App.js 3.47 KiB [built] [code generated]

ERROR in ./src/App.js 3:0-38
Module not found: Error: Can't resolve './TicketForm' in '/home/kavia/workspace/code-generation/anonsupport-28184-8bd29d52/frontend_react_workspace/frontend_react/src'
 @ ./src/index.js 5:0-24 11:32-35

ERROR in ./src/App.js 4:0-38
Module not found: Error: Can't resolve './TicketList' in '/home/kavia/workspace/code-generation/anonsupport-28184-8bd29d52/frontend_react_workspace/frontend_react/src'
 @ ./src/index.js 5:0-24 11:32-35

ERROR in ./src/App.js 5:0-50
Module not found: Error: Can't resolve './api' in '/home/kavia/workspace/code-generation/anonsupport-28184-8bd29d52/frontend_react_workspace/frontend_react/src'
 @ ./src/index.js 5:0-24 11:32-35

3 errors have detailed information that is not shown.
Use 'stats.errorDetails: true' resp. '--stats-error-details' to show it.

webpack 5.99.9 compiled with 3 errors in 122 ms
assets by status 1.98 KiB [cached] 1 asset
assets by path *.js 1.41 MiB
  asset bundle.js 1.4 MiB [emitted] (name: main)
  asset main.29697f02a65821e84696.hot-update.js 10.4 KiB [emitted] [immutable] [hmr] (name: main)
asset main.29697f02a65821e84696.hot-update.json 28 bytes [emitted] [immutable] [hmr]
Entrypoint main 1.41 MiB = bundle.js 1.4 MiB main.29697f02a65821e84696.hot-update.js 10.4 KiB
cached modules 1.26 MiB [cached] 41 modules
runtime modules 27.5 KiB 14 modules
javascript modules 5.55 KiB
  ./src/App.js 3.47 KiB [code generated]
  ./src/TicketForm.jsx 2.08 KiB [built] [code generated]

ERROR in ./src/App.js 4:0-38
Module not found: Error: Can't resolve './TicketList' in '/home/kavia/workspace/code-generation/anonsupport-28184-8bd29d52/frontend_react_workspace/frontend_react/src'
resolve './TicketList' in '/home/kavia/workspace/code-generation/anonsupport-28184-8bd29d52/frontend_react_workspace/frontend_react/src'
  using description file: /home/kavia/workspace/code-generation/anonsupport-28184-8bd29d52/frontend_react_workspace/frontend_react/package.json (relative path: ./src)
    Field 'browser' doesn't contain a valid alias configuration
    using description file: /home/kavia/workspace/code-generation/anonsupport-28184-8bd29d52/frontend_react_workspace/frontend_react/package.json (relative path: ./src/TicketList)
      no extension
        Field 'browser' doesn't contain a valid alias configuration
        /home/kavia/workspace/code-generation/anonsupport-28184-8bd29d52/frontend_react_workspace/frontend_react/src/TicketList doesn't exist
      .js
        Field 'browser' doesn't contain a valid alias configuration
        /home/kavia/workspace/code-generation/anonsupport-28184-8bd29d52/frontend_react_workspace/frontend_react/src/TicketList.js doesn't exist
      .jsx
        Field 'browser' doesn't contain a valid alias configuration
        /home/kavia/workspace/code-generation/anonsupport-28184-8bd29d52/frontend_react_workspace/frontend_react/src/TicketList.jsx doesn't exist
      as directory
        /home/kavia/workspace/code-generation/anonsupport-28184-8bd29d52/frontend_react_workspace/frontend_react/src/TicketList doesn't exist
 @ ./src/index.js 5:0-24 11:32-35

ERROR in ./src/App.js 5:0-50
Module not found: Error: Can't resolve './api' in '/home/kavia/workspace/code-generation/anonsupport-28184-8bd29d52/frontend_react_workspace/frontend_react/src'
resolve './api' in '/home/kavia/workspace/code-generation/anonsupport-28184-8bd29d52/frontend_react_workspace/frontend_react/src'
  using description file: /home/kavia/workspace/code-generation/anonsupport-28184-8bd29d52/frontend_react_workspace/frontend_react/package.json (relative path: ./src)
    Field 'browser' doesn't contain a valid alias configuration
    using description file: /home/kavia/workspace/code-generation/anonsupport-28184-8bd29d52/frontend_react_workspace/frontend_react/package.json (relative path: ./src/api)
      no extension
        Field 'browser' doesn't contain a valid alias configuration
        /home/kavia/workspace/code-generation/anonsupport-28184-8bd29d52/frontend_react_workspace/frontend_react/src/api doesn't exist
      .js
        Field 'browser' doesn't contain a valid alias configuration
        /home/kavia/workspace/code-generation/anonsupport-28184-8bd29d52/frontend_react_workspace/frontend_react/src/api.js doesn't exist
      .jsx
        Field 'browser' doesn't contain a valid alias configuration
        /home/kavia/workspace/code-generation/anonsupport-28184-8bd29d52/frontend_react_workspace/frontend_react/src/api.jsx doesn't exist
      as directory
        /home/kavia/workspace/code-generation/anonsupport-28184-8bd29d52/frontend_react_workspace/frontend_react/src/api doesn't exist
 @ ./src/index.js 5:0-24 11:32-35

webpack 5.99.9 compiled with 2 errors in 53 ms
assets by status 1.98 KiB [cached] 1 asset
assets by path *.js 1.41 MiB
  asset bundle.js 1.4 MiB [emitted] (name: main)
  asset main.8e64778a97e9b9b5e332.hot-update.js 10.5 KiB [emitted] [immutable] [hmr] (name: main)
asset main.8e64778a97e9b9b5e332.hot-update.json 28 bytes [emitted] [immutable] [hmr]
Entrypoint main 1.41 MiB = bundle.js 1.4 MiB main.8e64778a97e9b9b5e332.hot-update.js 10.5 KiB
cached modules 1.26 MiB [cached] 42 modules
runtime modules 27.5 KiB 14 modules
javascript modules 5.58 KiB
  ./src/App.js 3.47 KiB [code generated]
  ./src/TicketList.jsx 2.12 KiB [built] [code generated]

ERROR in ./src/App.js 5:0-50
Module not found: Error: Can't resolve './api' in '/home/kavia/workspace/code-generation/anonsupport-28184-8bd29d52/frontend_react_workspace/frontend_react/src'
resolve './api' in '/home/kavia/workspace/code-generation/anonsupport-28184-8bd29d52/frontend_react_workspace/frontend_react/src'
  using description file: /home/kavia/workspace/code-generation/anonsupport-28184-8bd29d52/frontend_react_workspace/frontend_react/package.json (relative path: ./src)
    Field 'browser' doesn't contain a valid alias configuration
    using description file: /home/kavia/workspace/code-generation/anonsupport-28184-8bd29d52/frontend_react_workspace/frontend_react/package.json (relative path: ./src/api)
      no extension
        Field 'browser' doesn't contain a valid alias configuration
        /home/kavia/workspace/code-generation/anonsupport-28184-8bd29d52/frontend_react_workspace/frontend_react/src/api doesn't exist
      .js
        Field 'browser' doesn't contain a valid alias configuration
        /home/kavia/workspace/code-generation/anonsupport-28184-8bd29d52/frontend_react_workspace/frontend_react/src/api.js doesn't exist
      .jsx
        Field 'browser' doesn't contain a valid alias configuration
        /home/kavia/workspace/code-generation/anonsupport-28184-8bd29d52/frontend_react_workspace/frontend_react/src/api.jsx doesn't exist
      as directory
        /home/kavia/workspace/code-generation/anonsupport-28184-8bd29d52/frontend_react_workspace/frontend_react/src/api doesn't exist
 @ ./src/index.js 5:0-24 11:32-35

webpack 5.99.9 compiled with 1 error in 53 ms
assets by status 1.98 KiB [cached] 1 asset
assets by path *.js 1.41 MiB
  asset bundle.js 1.4 MiB [emitted] (name: main)
  asset main.e3d793e2f6a9660e0c51.hot-update.js 8.65 KiB [emitted] [immutable] [hmr] (name: main)
asset main.e3d793e2f6a9660e0c51.hot-update.json 28 bytes [emitted] [immutable] [hmr]
Entrypoint main 1.41 MiB = bundle.js 1.4 MiB main.e3d793e2f6a9660e0c51.hot-update.js 8.65 KiB
cached modules 1.27 MiB [cached] 43 modules
runtime modules 27.5 KiB 14 modules
javascript modules 4.81 KiB
  ./src/App.js 3.47 KiB [code generated]
  ./src/api.js 1.34 KiB [built] [code generated]
webpack 5.99.9 compiled successfully in 35 ms
assets by status 1.98 KiB [cached] 1 asset
assets by path *.js 1.41 MiB
  asset bundle.js 1.4 MiB [emitted] (name: main)
  asset main.ada938c4e8e5292dde88.hot-update.js 6.76 KiB [emitted] [immutable] [hmr] (name: main)
asset main.ada938c4e8e5292dde88.hot-update.json 28 bytes [emitted] [immutable] [hmr]
Entrypoint main 1.41 MiB = bundle.js 1.4 MiB main.ada938c4e8e5292dde88.hot-update.js 6.76 KiB
cached modules 1.27 MiB [cached] 44 modules
runtime modules 27.5 KiB 14 modules
./node_modules/css-loader/dist/cjs.js!./src/App.css 4.18 KiB [built] [code generated]
webpack 5.99.9 compiled successfully in 38 ms
